Microsoft (R) Macro Assembler Version 14.14.26428.1	    05/28/18 19:09:32
palindrome.asm						     Page 1 - 1


				PUBLIC @can_be_palindrome@8

				.686
				.MODEL FLAT, C

				.STACK
 00000000			.DATA
 00000000			.CODE


 00000000			@can_be_palindrome@8 PROC
 00000000  8B C1		mov eax, ecx;
 00000002  03 C2		add eax, edx;
 00000004  C3			ret;
 00000005			@can_be_palindrome@8 ENDP

 00000005			_can_be_palindrome PROC
 00000005			_can_be_palindrome ENDP


				END
Microsoft (R) Macro Assembler Version 14.14.26428.1	    05/28/18 19:09:32
palindrome.asm						     Symbols 2 - 1




Segments and Groups:

                N a m e                 Size     Length   Align   Combine Class

FLAT . . . . . . . . . . . . . .	GROUP
STACK  . . . . . . . . . . . . .	32 Bit	 00000400 Para	  Stack	  'STACK'	 
_DATA  . . . . . . . . . . . . .	32 Bit	 00000000 Para	  Public  'DATA'	
_TEXT  . . . . . . . . . . . . .	32 Bit	 00000005 Para	  Public  'CODE'	


Procedures, parameters, and locals:

                N a m e                 Type     Value    Attr

@can_be_palindrome@8 . . . . . .	P Near	 00000000 _TEXT	Length= 00000005 Public C
_can_be_palindrome . . . . . . .	P Near	 00000005 _TEXT	Length= 00000000 Public C


Symbols:

                N a m e                 Type     Value    Attr

@CodeSize  . . . . . . . . . . .	Number	 00000000h   
@DataSize  . . . . . . . . . . .	Number	 00000000h   
@Interface . . . . . . . . . . .	Number	 00000001h   
@Model . . . . . . . . . . . . .	Number	 00000007h   
@code  . . . . . . . . . . . . .	Text   	 _TEXT
@data  . . . . . . . . . . . . .	Text   	 FLAT
@fardata?  . . . . . . . . . . .	Text   	 FLAT
@fardata . . . . . . . . . . . .	Text   	 FLAT
@stack . . . . . . . . . . . . .	Text   	 FLAT

	   0 Warnings
	   0 Errors
